// Jest Snapshot v1, https://goo.gl/fbAQLP

exports[`renders correctly 1`] = `
<BrowserRouter>
  <Router
    history={
      Object {
        "action": "POP",
        "block": [Function],
        "createHref": [Function],
        "go": [Function],
        "goBack": [Function],
        "goForward": [Function],
        "length": 1,
        "listen": [Function],
        "location": Object {
          "hash": "",
          "pathname": "/",
          "search": "",
          "state": undefined,
        },
        "push": [Function],
        "replace": [Function],
      }
    }
  >
    <Provider
      store={
        Object {
          "clearActions": [Function],
          "dispatch": [Function],
          "getActions": [Function],
          "getState": [Function],
          "replaceReducer": [Function],
          "subscribe": [Function],
        }
      }
    >
      <withRouter(Connect(CreateChallenge))>
        <Route>
          <Connect(CreateChallenge)
            history={
              Object {
                "action": "POP",
                "block": [Function],
                "createHref": [Function],
                "go": [Function],
                "goBack": [Function],
                "goForward": [Function],
                "length": 1,
                "listen": [Function],
                "location": Object {
                  "hash": "",
                  "pathname": "/",
                  "search": "",
                  "state": undefined,
                },
                "push": [Function],
                "replace": [Function],
              }
            }
            location={
              Object {
                "hash": "",
                "pathname": "/",
                "search": "",
                "state": undefined,
              }
            }
            match={
              Object {
                "isExact": true,
                "params": Object {},
                "path": "/",
                "url": "/",
              }
            }
          >
            <CreateChallenge
              activeStreamer={
                Object {
                  "authenticationSource": "twitch",
                  "bio": null,
                  "challengeCount": 0,
                  "contacts": Array [],
                  "email": null,
                  "externalId": "204865822",
                  "externalPhotoLink": "https://static-cdn.jtvnw.net/user-default-pictures-uv/75305d54-c7cc-40d1-bb9c-91fbe85943c7-profile_image-300x300.png",
                  "externalProfileLink": null,
                  "followerCount": 0,
                  "id": "5f108c57399c8300013dad42",
                  "login": "vlasnikita",
                  "streamer": false,
                  "viewerCount": 0,
                  "walletAmount": 0,
                }
              }
              activeTransaction={
                Object {
                  "id": null,
                  "inProgress": false,
                  "success": false,
                }
              }
              challengeDraft={null}
              configs={
                Object {
                  "minPaymentAmount": Object {
                    "value": 30,
                  },
                  "settings": Object {
                    "loaded": true,
                    "loading": false,
                    "value": Object {
                      "challengeAcceptDetailsConfirmed": true,
                      "challengeDonateDetailsConfirmed": true,
                      "serviceOnboardingConfirmed": true,
                    },
                  },
                }
              }
              handleAddActiveTransaction={[Function]}
              handleOpenPopup={[Function]}
              handleResetCreateChallengeDraft={[Function]}
              handleSetActiveStreamer={[Function]}
              handleSetRedirectToChallenge={[Function]}
              handleShowAlert={[Function]}
              history={
                Object {
                  "action": "POP",
                  "block": [Function],
                  "createHref": [Function],
                  "go": [Function],
                  "goBack": [Function],
                  "goForward": [Function],
                  "length": 1,
                  "listen": [Function],
                  "location": Object {
                    "hash": "",
                    "pathname": "/",
                    "search": "",
                    "state": undefined,
                  },
                  "push": [Function],
                  "replace": [Function],
                }
              }
              isActiveStreamerLoaded={false}
              isActiveStreamerLoading={false}
              location={
                Object {
                  "hash": "",
                  "pathname": "/",
                  "search": "",
                  "state": undefined,
                }
              }
              match={
                Object {
                  "isExact": true,
                  "params": Object {},
                  "path": "/",
                  "url": "/",
                }
              }
              profile={
                Object {
                  "authenticationSource": "twitch",
                  "bio": null,
                  "challengeCount": 0,
                  "contacts": Array [],
                  "email": null,
                  "externalId": "204865822",
                  "externalPhotoLink": "https://static-cdn.jtvnw.net/user-default-pictures-uv/75305d54-c7cc-40d1-bb9c-91fbe85943c7-profile_image-300x300.png",
                  "externalProfileLink": null,
                  "followerCount": 0,
                  "id": "5f108c57399c8300013dad42",
                  "login": "vlasnikita",
                  "streamer": false,
                  "viewerCount": 0,
                  "walletAmount": 0,
                }
              }
              redirectToChallenge={null}
              updateSavedChallengeDescription={[Function]}
              updateSavedChallengeTitle={[Function]}
            >
              <div
                className="Container CreateChallenge"
              >
                <div
                  className="Container__body Island CreateChallenge__body"
                >
                  <div
                    className="CreateChallenge__row"
                  >
                    <span
                      className="CreateChallenge__label"
                    >
                      –ù–∞–∑–≤–∞–Ω–∏–µ
                    </span>
                    <input
                      autoComplete="off"
                      className="CreateChallenge__input false"
                      id="title"
                      name="title"
                      onChange={[Function]}
                      type="text"
                    />
                  </div>
                  <div
                    className="CreateChallenge__row CreateChallenge__row_description"
                  >
                    <span
                      className="CreateChallenge__label"
                    >
                      –û–ø–∏—Å–∞–Ω–∏–µ —á–µ–ª–ª–µ–Ω–¥–∂–∞
                    </span>
                    <textarea
                      className="CreateChallenge__input false"
                      id="description"
                      name="description"
                      onChange={[Function]}
                      rows="5"
                      value=""
                    />
                  </div>
                  <div
                    className="CreateChallenge__row CreateChallenge__row_payment"
                  >
                    <span
                      className="CreateChallenge__label"
                    >
                      –°—É–º–º–∞
                    </span>
                    <div
                      className="Challenge__actions false"
                    >
                      <div
                        className="Challenge__inputContainer"
                      >
                        <input
                          className="Challenge__input Challenge__input_payment"
                          id="newBidAmount"
                          name="newBidAmount"
                          onBlur={[Function]}
                          onChange={[Function]}
                          onFocus={[Function]}
                          type="text"
                          value={30}
                        />
                        <span
                          className="Challenge__inputCurrency Challenge__inputCurrency_2"
                        >
                          ‚ÇΩ
                        </span>
                      </div>
                      <div
                        className="Button Button_purple Challenge__button"
                        id="CreateChallenge__button"
                        onClick={[Function]}
                      >
                        –°–æ–∑–¥–∞—Ç—å
                      </div>
                    </div>
                  </div>
                  <button
                    className="Button Button_greytext CreateChallenge__button"
                    onClick={[Function]}
                  >
                    –û—Ç–º–µ–Ω–∏—Ç—å
                  </button>
                </div>
                <Connect(Templates)>
                  <Templates
                    handleSetCreateChallengeDescription={[Function]}
                    handleSetCreateChallengeType={[Function]}
                    templates={
                      Array [
                        Object {
                          "description": "–ø—Ä–æ—Å–º–æ—Ç—Ä –∞–Ω–∏–º–µ/—Ñ–∏–ª—å–º–∞/—é—Ç—É–±–∞ üçø",
                          "title": "–ø—Ä–æ—Å–º–æ—Ç—Ä –∞–Ω–∏–º–µ/—Ñ–∏–ª—å–º–∞/—é—Ç—É–±–∞ üçø",
                        },
                        Object {
                          "description": "–æ—Ü–µ–Ω–∏—Ç—å –ø–∞–±–ª–∏–∫ –≤–∫",
                          "title": "–æ—Ü–µ–Ω–∏—Ç—å –ø–∞–±–ª–∏–∫ –≤–∫",
                        },
                        Object {
                          "description": "–∫–∞—Ä–∞–æ–∫–µ üé§",
                          "title": "–∫–∞—Ä–∞–æ–∫–µ üé§",
                        },
                        Object {
                          "description": "–º—É–∑—ã–∫–∞ –Ω–∞ –∑–∞–∫–∞–∑",
                          "title": "–º—É–∑—ã–∫–∞ –Ω–∞ –∑–∞–∫–∞–∑",
                        },
                        Object {
                          "description": "–∏–≥—Ä–∞ –Ω–∞ –∑–∞–∫–∞–∑ üéÆ",
                          "title": "–∏–≥—Ä–∞ –Ω–∞ –∑–∞–∫–∞–∑ üéÆ",
                        },
                        Object {
                          "description": "—Å–º–∞–π–ª-–º–æ–¥ –≤ —á–∞—Ç–µ",
                          "title": "—Å–º–∞–π–ª-–º–æ–¥ –≤ —á–∞—Ç–µ",
                        },
                        Object {
                          "description": "–∏–≥—Ä–æ–≤–∞—è –ª–æ—Ç–µ—Ä–µ—è üé≤",
                          "title": "–∏–≥—Ä–æ–≤–∞—è –ª–æ—Ç–µ—Ä–µ—è üé≤",
                        },
                        Object {
                          "description": "–æ—Ü–µ–Ω–∏—Ç—å –∏–Ω—Å—Ç–∞–≥—Ä–∞–º",
                          "title": "–æ—Ü–µ–Ω–∏—Ç—å –∏–Ω—Å—Ç–∞–≥—Ä–∞–º",
                        },
                        Object {
                          "description": "—Å—ã–≥—Ä–∞—Ç—å –≤ –º–∞—Ñ–∏—é üî´",
                          "title": "—Å—ã–≥—Ä–∞—Ç—å –≤ –º–∞—Ñ–∏—é üî´",
                        },
                        Object {
                          "description": "Fall Guys",
                          "title": "Fall Guys",
                        },
                        Object {
                          "description": "Among Us",
                          "title": "Among Us",
                        },
                        Object {
                          "description": "–æ—Ö–æ—Ç–∞ –Ω–∞ –∞—á–∏–≤–∫—É üéØ",
                          "title": "–æ—Ö–æ—Ç–∞ –Ω–∞ –∞—á–∏–≤–∫—É üéØ",
                        },
                        Object {
                          "description": "–∏–≥—Ä–æ–≤–æ–π –º–∞—Ä–∞—Ñ–æ–Ω üèÉ",
                          "title": "–∏–≥—Ä–æ–≤–æ–π –º–∞—Ä–∞—Ñ–æ–Ω üèÉ",
                        },
                        Object {
                          "description": "—Å–ø–∏–¥—Ä–∞–Ω",
                          "title": "—Å–ø–∏–¥—Ä–∞–Ω",
                        },
                        Object {
                          "description": "–æ–±—É—á–µ–Ω–∏–µ –∏–≥—Ä–µ üß†",
                          "title": "–æ–±—É—á–µ–Ω–∏–µ –∏–≥—Ä–µ üß†",
                        },
                        Object {
                          "description": "—Ñ—É–¥-—á–µ–ª–ª–µ–Ω–¥–∂ üçï",
                          "title": "—Ñ—É–¥-—á–µ–ª–ª–µ–Ω–¥–∂ üçï",
                        },
                        Object {
                          "description": "—Å–ø–µ—Ç—å/—Å—Ç–∞–Ω—Ü–µ–≤–∞—Ç—å/–Ω–∞—Ä–∏—Å–æ–≤–∞—Ç—å üé®",
                          "title": "—Å–ø–µ—Ç—å/—Å—Ç–∞–Ω—Ü–µ–≤–∞—Ç—å/–Ω–∞—Ä–∏—Å–æ–≤–∞—Ç—å üé®",
                        },
                        Object {
                          "description": "–∫—É–ª–∏–Ω–∞—Ä–Ω—ã–π —Å—Ç—Ä–∏–º üç≥",
                          "title": "–∫—É–ª–∏–Ω–∞—Ä–Ω—ã–π —Å—Ç—Ä–∏–º üç≥",
                        },
                        Object {
                          "description": "GeoGuessr",
                          "title": "GeoGuessr",
                        },
                        Object {
                          "description": "–ø—Ä–æ–π—Ç–∏ –æ–Ω–ª–∞–π–Ω-—Ç–µ—Å—Ç—ã",
                          "title": "–ø—Ä–æ–π—Ç–∏ –æ–Ω–ª–∞–π–Ω-—Ç–µ—Å—Ç—ã",
                        },
                        Object {
                          "description": "—Ç—É—Ä–Ω–∏—Ä —Å –ø–æ–¥–ø–∏—Å—á–∏–∫–∞–º–∏ üèÜ",
                          "title": "—Ç—É—Ä–Ω–∏—Ä —Å –ø–æ–¥–ø–∏—Å—á–∏–∫–∞–º–∏ üèÜ",
                        },
                        Object {
                          "description": "—Ä–æ–∑—ã–≥—Ä—ã—à–∏",
                          "title": "—Ä–æ–∑—ã–≥—Ä—ã—à–∏",
                        },
                        Object {
                          "description": "—Å–æ–≤–º–µ—Å—Ç–Ω–∞—è –∏–≥—Ä–∞ —Å–æ —Å—Ç—Ä–∏–º–µ—Ä–æ–º üëØ",
                          "title": "—Å–æ–≤–º–µ—Å—Ç–Ω–∞—è –∏–≥—Ä–∞ —Å–æ —Å—Ç—Ä–∏–º–µ—Ä–æ–º üëØ",
                        },
                        Object {
                          "description": "–∫–æ—Å–ø–ª–µ–π",
                          "title": "–∫–æ—Å–ø–ª–µ–π",
                        },
                      ]
                    }
                  >
                    <div
                      className="Templates"
                    >
                      <h3
                        className="Templates__header"
                      >
                        –†–µ–∫–æ–º–µ–Ω–¥–∞—Ü–∏–∏
                      </h3>
                      <div
                        className="Templates__feed"
                      >
                        <div
                          className="Templates__template"
                          key="0"
                          onClick={[Function]}
                        >
                          <p
                            className="Templates__title"
                          >
                            –ø—Ä–æ—Å–º–æ—Ç—Ä –∞–Ω–∏–º–µ/—Ñ–∏–ª—å–º–∞/—é—Ç—É–±–∞ üçø
                          </p>
                        </div>
                        <div
                          className="Templates__template"
                          key="1"
                          onClick={[Function]}
                        >
                          <p
                            className="Templates__title"
                          >
                            –æ—Ü–µ–Ω–∏—Ç—å –ø–∞–±–ª–∏–∫ –≤–∫
                          </p>
                        </div>
                        <div
                          className="Templates__template"
                          key="2"
                          onClick={[Function]}
                        >
                          <p
                            className="Templates__title"
                          >
                            –∫–∞—Ä–∞–æ–∫–µ üé§
                          </p>
                        </div>
                        <div
                          className="Templates__template"
                          key="3"
                          onClick={[Function]}
                        >
                          <p
                            className="Templates__title"
                          >
                            –º—É–∑—ã–∫–∞ –Ω–∞ –∑–∞–∫–∞–∑
                          </p>
                        </div>
                        <div
                          className="Templates__template"
                          key="4"
                          onClick={[Function]}
                        >
                          <p
                            className="Templates__title"
                          >
                            –∏–≥—Ä–∞ –Ω–∞ –∑–∞–∫–∞–∑ üéÆ
                          </p>
                        </div>
                        <div
                          className="Templates__template"
                          key="5"
                          onClick={[Function]}
                        >
                          <p
                            className="Templates__title"
                          >
                            —Å–º–∞–π–ª-–º–æ–¥ –≤ —á–∞—Ç–µ
                          </p>
                        </div>
                        <div
                          className="Templates__template"
                          key="6"
                          onClick={[Function]}
                        >
                          <p
                            className="Templates__title"
                          >
                            –∏–≥—Ä–æ–≤–∞—è –ª–æ—Ç–µ—Ä–µ—è üé≤
                          </p>
                        </div>
                        <div
                          className="Templates__template"
                          key="7"
                          onClick={[Function]}
                        >
                          <p
                            className="Templates__title"
                          >
                            –æ—Ü–µ–Ω–∏—Ç—å –∏–Ω—Å—Ç–∞–≥—Ä–∞–º
                          </p>
                        </div>
                        <div
                          className="Templates__template"
                          key="8"
                          onClick={[Function]}
                        >
                          <p
                            className="Templates__title"
                          >
                            —Å—ã–≥—Ä–∞—Ç—å –≤ –º–∞—Ñ–∏—é üî´
                          </p>
                        </div>
                        <div
                          className="Templates__template"
                          key="9"
                          onClick={[Function]}
                        >
                          <p
                            className="Templates__title"
                          >
                            Fall Guys
                          </p>
                        </div>
                        <div
                          className="Templates__template"
                          key="10"
                          onClick={[Function]}
                        >
                          <p
                            className="Templates__title"
                          >
                            Among Us
                          </p>
                        </div>
                        <div
                          className="Templates__template"
                          key="11"
                          onClick={[Function]}
                        >
                          <p
                            className="Templates__title"
                          >
                            –æ—Ö–æ—Ç–∞ –Ω–∞ –∞—á–∏–≤–∫—É üéØ
                          </p>
                        </div>
                        <div
                          className="Templates__template"
                          key="12"
                          onClick={[Function]}
                        >
                          <p
                            className="Templates__title"
                          >
                            –∏–≥—Ä–æ–≤–æ–π –º–∞—Ä–∞—Ñ–æ–Ω üèÉ
                          </p>
                        </div>
                        <div
                          className="Templates__template"
                          key="13"
                          onClick={[Function]}
                        >
                          <p
                            className="Templates__title"
                          >
                            —Å–ø–∏–¥—Ä–∞–Ω
                          </p>
                        </div>
                        <div
                          className="Templates__template"
                          key="14"
                          onClick={[Function]}
                        >
                          <p
                            className="Templates__title"
                          >
                            –æ–±—É—á–µ–Ω–∏–µ –∏–≥—Ä–µ üß†
                          </p>
                        </div>
                        <div
                          className="Templates__template"
                          key="15"
                          onClick={[Function]}
                        >
                          <p
                            className="Templates__title"
                          >
                            —Ñ—É–¥-—á–µ–ª–ª–µ–Ω–¥–∂ üçï
                          </p>
                        </div>
                        <div
                          className="Templates__template"
                          key="16"
                          onClick={[Function]}
                        >
                          <p
                            className="Templates__title"
                          >
                            —Å–ø–µ—Ç—å/—Å—Ç–∞–Ω—Ü–µ–≤–∞—Ç—å/–Ω–∞—Ä–∏—Å–æ–≤–∞—Ç—å üé®
                          </p>
                        </div>
                        <div
                          className="Templates__template"
                          key="17"
                          onClick={[Function]}
                        >
                          <p
                            className="Templates__title"
                          >
                            –∫—É–ª–∏–Ω–∞—Ä–Ω—ã–π —Å—Ç—Ä–∏–º üç≥
                          </p>
                        </div>
                        <div
                          className="Templates__template"
                          key="18"
                          onClick={[Function]}
                        >
                          <p
                            className="Templates__title"
                          >
                            GeoGuessr
                          </p>
                        </div>
                        <div
                          className="Templates__template"
                          key="19"
                          onClick={[Function]}
                        >
                          <p
                            className="Templates__title"
                          >
                            –ø—Ä–æ–π—Ç–∏ –æ–Ω–ª–∞–π–Ω-—Ç–µ—Å—Ç—ã
                          </p>
                        </div>
                        <div
                          className="Templates__template"
                          key="20"
                          onClick={[Function]}
                        >
                          <p
                            className="Templates__title"
                          >
                            —Ç—É—Ä–Ω–∏—Ä —Å –ø–æ–¥–ø–∏—Å—á–∏–∫–∞–º–∏ üèÜ
                          </p>
                        </div>
                        <div
                          className="Templates__template"
                          key="21"
                          onClick={[Function]}
                        >
                          <p
                            className="Templates__title"
                          >
                            —Ä–æ–∑—ã–≥—Ä—ã—à–∏
                          </p>
                        </div>
                        <div
                          className="Templates__template"
                          key="22"
                          onClick={[Function]}
                        >
                          <p
                            className="Templates__title"
                          >
                            —Å–æ–≤–º–µ—Å—Ç–Ω–∞—è –∏–≥—Ä–∞ —Å–æ —Å—Ç—Ä–∏–º–µ—Ä–æ–º üëØ
                          </p>
                        </div>
                        <div
                          className="Templates__template"
                          key="23"
                          onClick={[Function]}
                        >
                          <p
                            className="Templates__title"
                          >
                            –∫–æ—Å–ø–ª–µ–π
                          </p>
                        </div>
                      </div>
                    </div>
                  </Templates>
                </Connect(Templates)>
              </div>
            </CreateChallenge>
          </Connect(CreateChallenge)>
        </Route>
      </withRouter(Connect(CreateChallenge))>
    </Provider>
  </Router>
</BrowserRouter>
`;
