// Jest Snapshot v1, https://goo.gl/fbAQLP

exports[`should render auth error page correctly 1`] = `
<iframe
  frameBorder="0"
  src={Object {}}
  style={
    Object {
      "height": "100vh",
      "width": "100vw",
    }
  }
/>
`;
