// Jest Snapshot v1, https://goo.gl/fbAQLP

exports[`should render Logo correctly 1`] = `
<img
  src="logo.svg"
/>
`;
