// Jest Snapshot v1, https://goo.gl/fbAQLP

exports[`should render not found page correctly 1`] = `
<div
  className="NotFound"
>
  <h2
    className="NotFound__header NotFound__header_main"
  >
    –¢–∞–∫–æ–π —É—Ä–ª –Ω–∞–º –ø–æ–∫–∞ –Ω–µ –∑–∞–≤–µ–∑–ª–∏ ü§∑‚Äç‚ôÇÔ∏è
  </h2>
  <br />
  <br />
  <h3
    className="NotFound__header"
  >
    –ü—Ä–µ–¥–ª–∞–≥–∞–µ–º –ø–µ—Ä–µ–¥–æ—Ö–Ω—É—Ç—å –Ω–µ–º–Ω–æ–≥–æ –∏ –≤–¥–æ—Ö–Ω–æ–≤–∏—Ç—å—Å—è –∏–¥–µ—è–º–∏ –¥–ª—è –±—É–¥—É—â–∏—Ö —á–µ–ª–ª–µ–Ω–¥–∂–µ–π:
  </h3>
  <ul
    className="NotFound__list"
  >
    <li
      className="NotFound__item"
    >
      <a
        href="https://www.youtube.com/watch?v=dQw4w9WgXcQ"
        target="_blank"
      >
        –ö–∞–∫ –≤ –ú–∞–ª–∞–π–∑–∏–∏ –∏—Å–ø—ã—Ç—ã–≤–∞—é—Ç –º–∞–ª—å—á–∏–∫–æ–≤ –≤ 16 –ª–µ—Ç
      </a>
    </li>
    <li
      className="NotFound__item"
    >
      <a
        href="https://www.youtube.com/watch?v=dQw4w9WgXcQ"
        target="_blank"
      >
        –§–∞–Ω–∞—Ç–∫–∞ PewDiePie –ø—Ä–∏–¥—É–º–∞–ª–∞ –≤ —á–µ—Å—Ç—å –Ω–µ–≥–æ —Ç–∞–Ω–µ—Ü
      </a>
    </li>
    <li
      className="NotFound__item"
    >
      <a
        href="https://www.youtube.com/watch?v=dQw4w9WgXcQ"
        target="_blank"
      >
        –í –†–∏–≥–µ –ø—Ä–æ–≤–µ–ª–∏ –¢–í-–≤–∏–∫—Ç–æ—Ä–∏–Ω—É —Å–æ —Å—Ç—Ä–∏–º–µ—Ä–∞–º–∏
      </a>
    </li>
  </ul>
</div>
`;
