// Jest Snapshot v1, https://goo.gl/fbAQLP

exports[`should render UserNavbar correctly 1`] = `
<Route>
  [Function]
</Route>
`;
